[ 2026-07-08 16:25:52,581 ] 1025 httpx - INFO - HTTP Request: GET https://dagshub.com/api/v1/user "HTTP/1.1 200 OK"
[ 2026-07-08 16:25:52,597 ] 107 dagshub - INFO - Accessing as swagat35
[ 2026-07-08 16:25:53,723 ] 1025 httpx - INFO - HTTP Request: GET https://dagshub.com/api/v1/repos/swagat35/Network-Security "HTTP/1.1 200 OK"
[ 2026-07-08 16:25:55,102 ] 1025 httpx - INFO - HTTP Request: GET https://dagshub.com/api/v1/user "HTTP/1.1 200 OK"
[ 2026-07-08 16:25:55,105 ] 107 dagshub - INFO - Initialized MLflow to track repo "swagat35/Network-Security"
[ 2026-07-08 16:25:55,105 ] 107 dagshub - INFO - Repository swagat35/Network-Security initialized!
[ 2026-07-08 16:25:55,106 ] 19 root - INFO - Initiate the data ingestion
[ 2026-07-08 16:26:40,969 ] 62 root - INFO - Performed train test split on the dataframe
[ 2026-07-08 16:26:40,969 ] 64 root - INFO - Exited split_data_as_train_test method of Data_Ingestion class
[ 2026-07-08 16:26:40,970 ] 72 root - INFO - Exporting train and test file path.
[ 2026-07-08 16:26:41,103 ] 81 root - INFO - Exported train and test file path.
[ 2026-07-08 16:26:41,104 ] 21 root - INFO - Data Initiation Completed
[ 2026-07-08 16:26:41,138 ] 25 root - INFO - Initiate the data Validation
[ 2026-07-08 16:26:41,224 ] 32 root - INFO - Required number of columns:2
[ 2026-07-08 16:26:41,224 ] 33 root - INFO - Data frame has columns:31
[ 2026-07-08 16:26:41,224 ] 32 root - INFO - Required number of columns:2
[ 2026-07-08 16:26:41,224 ] 33 root - INFO - Data frame has columns:31
[ 2026-07-08 16:26:41,452 ] 27 root - INFO - data Validation Completed
[ 2026-07-08 16:26:41,452 ] 30 root - INFO - data Transformation started
[ 2026-07-08 16:26:41,454 ] 63 root - INFO - Entered initiate_data_transformation method of DataTransformation class
[ 2026-07-08 16:26:41,454 ] 65 root - INFO - Starting data transformation
[ 2026-07-08 16:26:41,499 ] 48 root - INFO - Entered get_data_trnasformer_object method of Transformation class
[ 2026-07-08 16:26:41,499 ] 53 root - INFO - Initialise KNNImputer with {'missing_values': nan, 'n_neighbors': 3, 'weights': 'uniform'}
[ 2026-07-08 16:26:41,520 ] 46 root - INFO - Entered the save_object method of MainUtils class
[ 2026-07-08 16:26:41,524 ] 50 root - INFO - Exited the save_object method of MainUtils class
[ 2026-07-08 16:26:41,524 ] 46 root - INFO - Entered the save_object method of MainUtils class
[ 2026-07-08 16:26:41,528 ] 50 root - INFO - Exited the save_object method of MainUtils class
[ 2026-07-08 16:26:41,529 ] 34 root - INFO - data Transformation completed
[ 2026-07-08 16:26:41,529 ] 35 root - INFO - Model Training started
[ 2026-07-08 16:31:16,119 ] 46 root - INFO - Entered the save_object method of MainUtils class
[ 2026-07-08 16:31:16,120 ] 50 root - INFO - Exited the save_object method of MainUtils class
[ 2026-07-08 16:31:16,120 ] 46 root - INFO - Entered the save_object method of MainUtils class
[ 2026-07-08 16:31:16,184 ] 50 root - INFO - Exited the save_object method of MainUtils class
[ 2026-07-08 16:31:16,184 ] 127 root - INFO - Model trainer artifact: ModelTrainerArtifact(trained_model_file_path='Artifacts\\07_08_2026_16_25_47\\model_trainer\\trained_model\\model.pkl', train_metric_artifact=ClassificationMetricArtifact(f1_score=0.9915881220229046, recall_score=0.9947132980886539, precision_score=0.9884825217215599), test_metric_artifact=ClassificationMetricArtifact(f1_score=0.974749498997996, recall_score=0.9814366424535916, precision_score=0.9681528662420382))
[ 2026-07-08 16:31:16,188 ] 40 root - INFO - Model Training artifact created
